current directory: /home/ubuntu/environment/meshiterro/vendor/bundle/ruby/3.3.0/gems/ed25519-1.4.0/ext/ed25519_ref10
/usr/bin/ruby3.3 -I/usr/lib/ruby/vendor_ruby extconf.rb
checking for whether -Wall is accepted as CFLAGS... yes
checking for whether -O3 is accepted as CFLAGS... yes
checking for whether -pedantic is accepted as CFLAGS... yes
checking for whether -std=c99 is accepted as CFLAGS... no
creating Makefile

current directory: /home/ubuntu/environment/meshiterro/vendor/bundle/ruby/3.3.0/gems/ed25519-1.4.0/ext/ed25519_ref10
make DESTDIR\= sitearchdir\=./.gem.20260610-117399-8jbus8 sitelibdir\=./.gem.20260610-117399-8jbus8 clean

current directory: /home/ubuntu/environment/meshiterro/vendor/bundle/ruby/3.3.0/gems/ed25519-1.4.0/ext/ed25519_ref10
make DESTDIR\= sitearchdir\=./.gem.20260610-117399-8jbus8 sitelibdir\=./.gem.20260610-117399-8jbus8
compiling ed25519_ref10.c
compiling fe.c
compiling ge.c
compiling keypair.c
compiling open.c
compiling sc_muladd.c
compiling sc_reduce.c
compiling sha512.c
compiling sign.c
compiling verify.c
linking shared-object ed25519_ref10.so

current directory: /home/ubuntu/environment/meshiterro/vendor/bundle/ruby/3.3.0/gems/ed25519-1.4.0/ext/ed25519_ref10
make DESTDIR\= sitearchdir\=./.gem.20260610-117399-8jbus8 sitelibdir\=./.gem.20260610-117399-8jbus8 install
/usr/bin/install -c -m 0755 ed25519_ref10.so ./.gem.20260610-117399-8jbus8

current directory: /home/ubuntu/environment/meshiterro/vendor/bundle/ruby/3.3.0/gems/ed25519-1.4.0/ext/ed25519_ref10
make DESTDIR\= sitearchdir\=./.gem.20260610-117399-8jbus8 sitelibdir\=./.gem.20260610-117399-8jbus8 clean
